I'm sorry, but errors were detected in your script. Please correct the
errors listed below, and try again.


File "game/script.rpy", line 2041: if statement expects a non-empty block.
    if lolpoints == 1:
                      ^

Ren'Py Version: Ren'Py 6.99.11.1749


somechanges #1
somechanges #2
somechanges $$$
#^ что это за хуйня?
